Main.obj : error LNK2019: "public: void __cdecl Entity::TakeDamage(int)" (?TakeDamage@Entity@@QEAAXH@Z)"public: void __cdecl BattleManager::HandlePlayerInput(void)" (?HandlePlayerInput@BattleManager@@QEAAXXZ) 함수에서 참조되는 확인할 수 없는 외부 기호
Main.obj : error LNK2019: "public: void __cdecl Entity::Heal(int)" (?Heal@Entity@@QEAAXH@Z)"public: void __cdecl BattleManager::HandlePlayerInput(void)" (?HandlePlayerInput@BattleManager@@QEAAXXZ) 함수에서 참조되는 확인할 수 없는 외부 기호
Main.obj : error LNK2019: "public: int __cdecl Entity::GetHP(void)const " (?GetHP@Entity@@QEBAHXZ)"public: bool __cdecl BattleManager::IsCombatOver(void)const " (?IsCombatOver@BattleManager@@QEBA_NXZ) 함수에서 참조되는 확인할 수 없는 외부 기호
Main.obj : error LNK2019: "public: int __cdecl Entity::GetPosX(void)const " (?GetPosX@Entity@@QEBAHXZ)"public: void __cdecl BattleManager::EnemyTurn(void)" (?EnemyTurn@BattleManager@@QEAAXXZ) 함수에서 참조되는 확인할 수 없는 외부 기호
Main.obj : error LNK2019: "public: int __cdecl Entity::GetPosY(void)const " (?GetPosY@Entity@@QEBAHXZ)"public: void __cdecl BattleManager::EnemyTurn(void)" (?EnemyTurn@BattleManager@@QEAAXXZ) 함수에서 참조되는 확인할 수 없는 외부 기호
Main.obj : error LNK2019: "public: void __cdecl Entity::setPosX(int)" (?setPosX@Entity@@QEAAXH@Z)main 함수에서 참조되는 확인할 수 없는 외부 기호
Main.obj : error LNK2019: "public: void __cdecl Entity::setPosY(int)" (?setPosY@Entity@@QEAAXH@Z)main 함수에서 참조되는 확인할 수 없는 외부 기호
Main.obj : error LNK2019: "public: class std::basic_string<char,struct std::char_traits<char>,class std::allocator<char> > __cdecl Card::C_GetName(void)const " (?C_GetName@Card@@QEBA?AV?$basic_string@DU?$char_traits@D@std@@V?$allocator@D@2@@std@@XZ)"public: void __cdecl BattleManager::HandlePlayerInput(void)" (?HandlePlayerInput@BattleManager@@QEAAXXZ) 함수에서 참조되는 확인할 수 없는 외부 기호
Main.obj : error LNK2019: "public: __cdecl Player::Player(class std::basic_string<char,struct std::char_traits<char>,class std::allocator<char> > const &,int,int,int,int,int)" (??0Player@@QEAA@AEBV?$basic_string@DU?$char_traits@D@std@@V?$allocator@D@2@@std@@HHHHH@Z)main 함수에서 참조되는 확인할 수 없는 외부 기호
Main.obj : error LNK2019: "public: virtual __cdecl Player::~Player(void)" (??1Player@@UEAA@XZ)main 함수에서 참조되는 확인할 수 없는 외부 기호
Main.obj : error LNK2019: "public: void __cdecl Player::Move(enum Direction)" (?Move@Player@@QEAAXW4Direction@@@Z)"public: void __cdecl BattleManager::HandlePlayerInput(void)" (?HandlePlayerInput@BattleManager@@QEAAXXZ) 함수에서 참조되는 확인할 수 없는 외부 기호
Main.obj : error LNK2019: "public: void __cdecl Player::PrintStatus(void)const " (?PrintStatus@Player@@QEBAXXZ)"public: void __cdecl BattleManager::PlayerTurn(void)" (?PlayerTurn@BattleManager@@QEAAXXZ) 함수에서 참조되는 확인할 수 없는 외부 기호
Main.obj : error LNK2019: "public: void __cdecl Player::AddCard(class Card *)" (?AddCard@Player@@QEAAXPEAVCard@@@Z)main 함수에서 참조되는 확인할 수 없는 외부 기호
Main.obj : error LNK2019: "public: void __cdecl Player::ShowCards(void)const " (?ShowCards@Player@@QEBAXXZ)"public: void __cdecl BattleManager::PlayerTurn(void)" (?PlayerTurn@BattleManager@@QEAAXXZ) 함수에서 참조되는 확인할 수 없는 외부 기호
Main.obj : error LNK2019: "public: __cdecl Enemy::Enemy(class std::basic_string<char,struct std::char_traits<char>,class std::allocator<char> > const &,int,int,int,int,int,int,int)" (??0Enemy@@QEAA@AEBV?$basic_string@DU?$char_traits@D@std@@V?$allocator@D@2@@std@@HHHHHHH@Z)main 함수에서 참조되는 확인할 수 없는 외부 기호
Main.obj : error LNK2019: "public: virtual __cdecl Enemy::~Enemy(void)" (??1Enemy@@UEAA@XZ)main 함수에서 참조되는 확인할 수 없는 외부 기호
Main.obj : error LNK2019: "public: void __cdecl Enemy::Act(class Entity *)" (?Act@Enemy@@QEAAXPEAVEntity@@@Z)"public: void __cdecl BattleManager::EnemyTurn(void)" (?EnemyTurn@BattleManager@@QEAAXXZ) 함수에서 참조되는 확인할 수 없는 외부 기호
Main.obj : error LNK2019: "public: void __cdecl Enemy::AddCard(class Card *)" (?AddCard@Enemy@@QEAAXPEAVCard@@@Z)main 함수에서 참조되는 확인할 수 없는 외부 기호
Main.obj : error LNK2019: "public: __cdecl C_Move::C_Move(class std::basic_string<char,struct std::char_traits<char>,class std::allocator<char> >,int,int,int,int,int)" (??0C_Move@@QEAA@V?$basic_string@DU?$char_traits@D@std@@V?$allocator@D@2@@std@@HHHHH@Z)"private: class Card * __cdecl BattleManager::GetPlayerCard_temp(int)" (?GetPlayerCard_temp@BattleManager@@AEAAPEAVCard@@H@Z) 함수에서 참조되는 확인할 수 없는 외부 기호
Main.obj : error LNK2019: "public: __cdecl C_Guard::C_Guard(class std::basic_string<char,struct std::char_traits<char>,class std::allocator<char> >,int,int,int)" (??0C_Guard@@QEAA@V?$basic_string@DU?$char_traits@D@std@@V?$allocator@D@2@@std@@HHH@Z)"private: class Card * __cdecl BattleManager::GetPlayerCard_temp(int)" (?GetPlayerCard_temp@BattleManager@@AEAAPEAVCard@@H@Z) 함수에서 참조되는 확인할 수 없는 외부 기호
Main.obj : error LNK2019: "public: int __cdecl C_Guard::G_GetDEF(void)const " (?G_GetDEF@C_Guard@@QEBAHXZ)"public: void __cdecl BattleManager::HandlePlayerInput(void)" (?HandlePlayerInput@BattleManager@@QEAAXXZ) 함수에서 참조되는 확인할 수 없는 외부 기호
Main.obj : error LNK2019: "public: __cdecl C_Attack::C_Attack(class std::basic_string<char,struct std::char_traits<char>,class std::allocator<char> >,int,int,int,bool (* const)[3])" (??0C_Attack@@QEAA@V?$basic_string@DU?$char_traits@D@std@@V?$allocator@D@2@@std@@HHHQEAY02_N@Z)"private: class Card * __cdecl BattleManager::GetPlayerCard_temp(int)" (?GetPlayerCard_temp@BattleManager@@AEAAPEAVCard@@H@Z) 함수에서 참조되는 확인할 수 없는 외부 기호
Main.obj : error LNK2019: "public: int __cdecl C_Attack::A_GetATK(void)const " (?A_GetATK@C_Attack@@QEBAHXZ)"public: void __cdecl BattleManager::HandlePlayerInput(void)" (?HandlePlayerInput@BattleManager@@QEAAXXZ) 함수에서 참조되는 확인할 수 없는 외부 기호
C:\Users\rkc32\OneDrive\Desktop\GITHUB\NBC_TeamProject_01\InuyashaRescueTeam\x64\Debug\InuyashaRescueTeam.exe : fatal error LNK1120: 23개의 확인할 수 없는 외부 참조입니다.
