c:\gitfornbc\nbc_teamproject_01\inuyasharescueteam\inuyasharescueteam\x64\debug\vc143.pdb
c:\gitfornbc\nbc_teamproject_01\inuyasharescueteam\inuyasharescueteam\x64\debug\vc143.idb
c:\gitfornbc\nbc_teamproject_01\inuyasharescueteam\inuyasharescueteam\x64\debug\player.obj
c:\gitfornbc\nbc_teamproject_01\inuyasharescueteam\inuyasharescueteam\x64\debug\main.obj
c:\gitfornbc\nbc_teamproject_01\inuyasharescueteam\inuyasharescueteam\x64\debug\entity.obj
c:\gitfornbc\nbc_teamproject_01\inuyasharescueteam\inuyasharescueteam\x64\debug\c_move.obj
c:\gitfornbc\nbc_teamproject_01\inuyasharescueteam\inuyasharescueteam\x64\debug\c_guard.obj
c:\gitfornbc\nbc_teamproject_01\inuyasharescueteam\inuyasharescueteam\x64\debug\c_attack.obj
c:\gitfornbc\nbc_teamproject_01\inuyasharescueteam\inuyasharescueteam\x64\debug\card.obj
c:\gitfornbc\nbc_teamproject_01\inuyasharescueteam\x64\debug\inuyasharescueteam.exe
c:\gitfornbc\nbc_teamproject_01\inuyasharescueteam\x64\debug\inuyasharescueteam.pdb
c:\gitfornbc\nbc_teamproject_01\inuyasharescueteam\inuyasharescueteam\x64\debug\inuyasharescueteam.ilk
c:\gitfornbc\nbc_teamproject_01\inuyasharescueteam\inuyasharescueteam\x64\debug\inuyasha.a6010385.tlog\cl.command.1.tlog
c:\gitfornbc\nbc_teamproject_01\inuyasharescueteam\inuyasharescueteam\x64\debug\inuyasha.a6010385.tlog\cl.items.tlog
c:\gitfornbc\nbc_teamproject_01\inuyasharescueteam\inuyasharescueteam\x64\debug\inuyasha.a6010385.tlog\cl.read.1.tlog
c:\gitfornbc\nbc_teamproject_01\inuyasharescueteam\inuyasharescueteam\x64\debug\inuyasha.a6010385.tlog\cl.write.1.tlog
c:\gitfornbc\nbc_teamproject_01\inuyasharescueteam\inuyasharescueteam\x64\debug\inuyasha.a6010385.tlog\link.command.1.tlog
c:\gitfornbc\nbc_teamproject_01\inuyasharescueteam\inuyasharescueteam\x64\debug\inuyasha.a6010385.tlog\link.read.1.tlog
c:\gitfornbc\nbc_teamproject_01\inuyasharescueteam\inuyasharescueteam\x64\debug\inuyasha.a6010385.tlog\link.secondary.1.tlog
c:\gitfornbc\nbc_teamproject_01\inuyasharescueteam\inuyasharescueteam\x64\debug\inuyasha.a6010385.tlog\link.write.1.tlog
